objects/natural/ground/wild_flowers/forgetmenot_flower/forgetmenot_flower_b_color_b.cgf
objects/setting_specific/red_lake/natural/water/seaweed/seaweed_a.cgf
objects/setting_specific/red_lake/natural/water/seaweed/seaweed_a.cgf
objects/natural/ground/wild_flowers/forgetmenot_flower/forgetmenot_flower_a_color_a.cgf
objects/natural/ground/wild_flowers/forgetmenot_flower/forgetmenot_cover_b.cgf
objects/natural/ground/wild_flowers/forgetmenot_flower/forgetmenot_flower_b_color_a.cgf
objects/natural/ground/grass/grass_dry_claster_a.cgf
objects/natural/ground/grass/grass_dry_claster_b.cgf
objects/natural/ground/wild_flowers/forgetmenot_flower/forgetmenot_cover_a.cgf
objects/setting_specific/red_lake/natural/water/seaweed/seaweed_d.cgf
objects/setting_specific/red_lake/natural/water/seaweed/seaweed_bottom_a.cgf
objects/setting_specific/red_lake/natural/water/seaweed/seaweed_water_short_a.cgf
objects/setting_specific/red_lake/natural/water/seaweed/seaweed_water_short_a.cgf
objects/setting_specific/red_lake/natural/seaweed/seaweed_f.cgf
objects/setting_specific/red_lake/natural/seaweed/seaweed_c.cgf
objects/natural/ground/grass_eco_set/dry_grass_tall_d.cgf
objects/natural/ground/grass_eco_set/dry_grass_tall_c.cgf
objects/natural/ground/wild_flowers/forgetmenot_flower/forgetmenot_flower_a_color_c.cgf
objects/natural/ground/grass_eco_set/dry_grass_e.cgf
objects/setting_specific/red_lake/natural/seaweed/seaweed_e.cgf
objects/natural/ground/grass_eco_set/green_grass_e.cgf
objects/natural/ground/wild_flowers/forgetmenot_flower/forgetmenot_flower_b_color_c.cgf
objects/natural/ground/wild_flowers/forgetmenot_flower/forgetmenot_flower_a_color_b.cgf
